[www.plani.co.kr/experiences.html]
[plani.co.kr/og-image.png]
[cdn.nerdfactory.ai/voda/agent/plani/aivory-agent.js]
[backblue.gif]
[fade.gif]
[index.html]
[www.plani.co.kr/_files/minify/da713a5ead86f62645c7f1dc4e9a5a49.js]
[www.plani.co.kr/experiences/jsefd8]
[www.plani.co.kr/_res/plani/moduleefd8.js]
[www.plani.co.kr/plani/js/commonefd8.js]
[www.plani.co.kr/plani/js/contentsefd8.js]
[www.plani.co.kr/_files/minify/72ecda1c04cec898fa18de19fa1b208a.css]
[www.plani.co.kr/plani/css/cssefd8.css]
[www.plani.co.kr/favicon.ico]
[www.plani.co.kr/home-icon.png]
[www.plani.co.kr/businesses.html]
[www.plani.co.kr/index.html]
[www.plani.co.kr/branding.html]
[www.plani.co.kr/feedback.html]
[www.plani.co.kr/culture.html]
[www.plani.co.kr/news.html]
[www.plani.co.kr/mx.html]
[www.plani.co.kr/e-bi.html]
[www.plani.co.kr/marketing.html]
[www.plani.co.kr/dx.html]
[www.plani.co.kr/nerd.html]
[www.plani.co.kr/platform.html]
[www.plani.co.kr/brandingbb6d.html]
[www.plani.co.kr/brandingf9a4.html]
[www.plani.co.kr/branding06e9.html]
[www.plani.co.kr/branding3dc9.html]
[www.plani.co.kr/branding280e.html]
[www.plani.co.kr/interview.html]
[www.plani.co.kr/plani/images/common/plani_txt.png]
[www.plani.co.kr/plani/images/common/arrow_left.svg]
[www.plani.co.kr/plani/images/common/arrow_right.svg]
[www.plani.co.kr/_files/main_experience_logo/20210910/fcbd287e2750a7c879f6edfee3e56d13.png]
[www.plani.co.kr/plani/images/contents/rotate_txt.svg]
[www.plani.co.kr/_files/main_experience_logo/20210910/8bd12cced60ad65fd522def6e66e2f7b.png]
[www.plani.co.kr/_files/main_experience_logo/20210910/698fabd3b099b7c8d87adfea3caf21cd.png]
[www.plani.co.kr/_files/main_experience_logo/20210910/c765368df9592e64ff486cafd866f9d1.png]
[www.plani.co.kr/_files/main_experience_logo/20210910/764662abd9481a724c19d671df86dd32.png]
[www.plani.co.kr/_files/main_experience_logo/20210910/08555936f5266ca0af5625fbab2160bb.png]
[www.plani.co.kr/_files/main_experience_logo/20210910/35985be1de0e2fabe4c9960599b3f3dc.png]
[www.plani.co.kr/_files/main_experience_logo/20210910/c8ec61a87665d979a9b020406f26ceff.png]
[www.plani.co.kr/_files/main_experience_logo/20210804/c9842d5ebd8d93d4fb0d5276b2a50e9b.png]
[www.plani.co.kr/_files/main_experience_logo/20210910/fecb9c7c9348238d4b876555550ae098.png]
[www.plani.co.kr/experiences.html]
[www.plani.co.kr/_files/main_experience_logo/20210910/f2fdc00b0fd2862bc1473dc2da96ef1e.png]
[www.plani.co.kr/_res/fontawesome-free-5.1.0-web/webfonts/fa-brands-400.eot]
[www.plani.co.kr/_res/fontawesome-free-5.1.0-web/webfonts/fa-brands-400d41d.eot]
[www.plani.co.kr/_res/fontawesome-free-5.1.0-web/webfonts/fa-brands-400.woff2]
[www.plani.co.kr/_res/fontawesome-free-5.1.0-web/webfonts/fa-brands-400.woff]
[www.plani.co.kr/_res/fontawesome-free-5.1.0-web/webfonts/fa-brands-400.ttf]
[www.plani.co.kr/_res/fontawesome-free-5.1.0-web/webfonts/fa-brands-400.svg]
[www.plani.co.kr/_res/fontawesome-free-5.1.0-web/webfonts/fa-regular-400.eot]
[www.plani.co.kr/_res/fontawesome-free-5.1.0-web/webfonts/fa-regular-400d41d.eot]
[www.plani.co.kr/_res/fontawesome-free-5.1.0-web/webfonts/fa-regular-400.woff2]
[www.plani.co.kr/_res/fontawesome-free-5.1.0-web/webfonts/fa-regular-400.woff]
[www.plani.co.kr/_res/fontawesome-free-5.1.0-web/webfonts/fa-regular-400.ttf]
[www.plani.co.kr/_res/fontawesome-free-5.1.0-web/webfonts/fa-regular-400.svg]
[www.plani.co.kr/_res/fontawesome-free-5.1.0-web/webfonts/fa-solid-900.eot]
[www.plani.co.kr/_res/fontawesome-free-5.1.0-web/webfonts/fa-solid-900d41d.eot]
[www.plani.co.kr/_res/fontawesome-free-5.1.0-web/webfonts/fa-solid-900.woff2]
[www.plani.co.kr/_res/fontawesome-free-5.1.0-web/webfonts/fa-solid-900.woff]
[www.plani.co.kr/_res/fontawesome-free-5.1.0-web/webfonts/fa-solid-900.ttf]
[www.plani.co.kr/_res/fontawesome-free-5.1.0-web/svgs/fa-solid-900.svg]
[www.plani.co.kr/_res/xeicon-2.3.3/fonts/xeicon75d5.eot]
[www.plani.co.kr/_res/xeicon-2.3.3/fonts/xeicon75d5.woff2]
[www.plani.co.kr/_res/xeicon-2.3.3/fonts/xeicon75d5.ttf]
[www.plani.co.kr/_res/xeicon-2.3.3/fonts/xeicon75d5.woff]
[www.plani.co.kr/_res/xeicon-2.3.3/fonts/xeicon75d5.svg]
[www.plani.co.kr/_res/jquery/images/ui-icons_444444_256x240.png]
[www.plani.co.kr/_res/jquery/images/ui-icons_777777_256x240.png]
[www.plani.co.kr/_res/jquery/images/ui-icons_555555_256x240.png]
[www.plani.co.kr/_res/jquery/images/ui-icons_ffffff_256x240.png]
[www.plani.co.kr/_res/jquery/images/ui-icons_777620_256x240.png]
[www.plani.co.kr/_res/jquery/images/ui-icons_cc0000_256x240.png]
[www.plani.co.kr/_res/jquery/images/wheel.png]
[www.plani.co.kr/_res/jquery/images/mask.png]
[www.plani.co.kr/_res/jquery/images/marker.png]
[www.plani.co.kr/_res/jquery/plugin/images/mCSB_buttons.png]
[www.plani.co.kr/_res/plani/images/bg_radio.png]
[www.plani.co.kr/_res/images/tree/base.gif]
[www.plani.co.kr/_res/images/tree/join.gif]
[www.plani.co.kr/_res/images/tree/line.gif]
[www.plani.co.kr/_res/images/tree/joinbottom.gif]
[www.plani.co.kr/_res/images/tree/nolines_plus.gif]
[www.plani.co.kr/_res/images/tree/nolines_minus.gif]
[www.plani.co.kr/_res/images/tree/folder.gif]
[www.plani.co.kr/_res/images/tree/folderopen.gif]
[www.plani.co.kr/_res/images/tree/page.gif]
[www.plani.co.kr/_res/font-awesome/fonts/fontawesome-webfonte0a5.eot]
[www.plani.co.kr/_res/font-awesome/fonts/fontawesome-webfontd41d.eot]
[www.plani.co.kr/_res/font-awesome/fonts/fontawesome-webfonte0a5.woff2]
[www.plani.co.kr/_res/font-awesome/fonts/fontawesome-webfonte0a5.woff]
[www.plani.co.kr/_res/font-awesome/fonts/fontawesome-webfonte0a5.ttf]
[www.plani.co.kr/_res/font-awesome/fonts/fontawesome-webfonte0a5.svg]
[www.plani.co.kr/_res/xeicon-2.3.3/fonts/xeicon7067.eot]
[www.plani.co.kr/_res/xeicon-2.3.3/fonts/xeicond41d.eot]
[www.plani.co.kr/_res/xeicon-2.3.3/fonts/xeicon7067.woff2]
[www.plani.co.kr/_res/xeicon-2.3.3/fonts/xeicon7067.woff]
[www.plani.co.kr/_res/xeicon-2.3.3/fonts/xeicon7067.ttf]
[www.plani.co.kr/_res/xeicon-2.3.3/fonts/xeicon7067.svg]
[www.plani.co.kr/_res/themify/themify9f24.eot]
[www.plani.co.kr/_res/themify/themifyd41d.eot]
[www.plani.co.kr/_res/themify/themify9f24.woff]
[www.plani.co.kr/_res/themify/themify9f24.ttf]
[www.plani.co.kr/_files/minify/72ecda1c04cec898fa18de19fa1b208a.css]
[www.plani.co.kr/_res/themify/themify9f24.svg]
[www.plani.co.kr/plani/css/default.css]
[www.plani.co.kr/plani/css/font.css]
[www.plani.co.kr/plani/css/common.css]
[www.plani.co.kr/plani/css/layout.css]
[www.plani.co.kr/plani/css/jquery-ui.min.css]
[www.plani.co.kr/plani/css/content.css]
[www.plani.co.kr/plani/css/board.css]
[www.plani.co.kr/plani/css/jquery.mCustomScrollbar.min.css]
[www.plani.co.kr/plani/css/xeicon.min.css]
[www.plani.co.kr/plani/css/slick.css]
[www.plani.co.kr/plani/css/respond/layout.css]
[www.plani.co.kr/plani/css/respond/contents.css]
[www.plani.co.kr/plani/css/cssefd8.css]
[www.plani.co.kr/_files/minify/d09dbffaffde26aa7c5ee8018aee4c6b.js]
[www.plani.co.kr/_res/plani/modulebcdf.js]
[www.plani.co.kr/plani/js/slickbcdf.js]
[www.plani.co.kr/plani/js/commonbcdf.js]
[www.plani.co.kr/plani/js/mainbcdf.js]
[www.plani.co.kr/plani/css/cssbcdf.css]
[www.plani.co.kr/plani/css/mainbcdf.css]
[www.plani.co.kr/plani/images/main/btn_up.svg]
[www.plani.co.kr/plani/images/main/btn_up_hover.svg]
[www.plani.co.kr/plani/images/main/btn_down.svg]
[www.plani.co.kr/index.html]
[www.plani.co.kr/plani/images/main/btn_down_hover.svg]
[www.plani.co.kr/plani/js/contentsbcdf.js]
[www.plani.co.kr/businesses/cssbcdf.css]
[www.plani.co.kr/businesses.html]
[www.plani.co.kr/_res/plani/module1b21.js]
[www.plani.co.kr/_html/images/contents/business_img.jpg]
[www.plani.co.kr/plani/js/common1b21.js]
[www.plani.co.kr/plani/js/contents1b21.js]
[www.plani.co.kr/branding/css1b21.css]
[www.plani.co.kr/plani/css/css1b21.css]
[www.plani.co.kr/plani/images/contents/history_img01.png]
[www.plani.co.kr/plani/images/contents/history_img02.png]
[www.plani.co.kr/plani/images/contents/history_img03.png]
[www.plani.co.kr/plani/images/contents/history_img04.png]
[www.plani.co.kr/plani/images/contents/space_img01.png]
[www.plani.co.kr/plani/images/contents/space_img02.png]
[www.plani.co.kr/plani/images/contents/space_img03.png]
[www.plani.co.kr/plani/images/contents/space_img04.png]
[www.plani.co.kr/plani/images/contents/space_img05.png]
[www.plani.co.kr/plani/images/contents/space_img06.png]
[www.plani.co.kr/plani/images/contents/space_img07.png]
[www.plani.co.kr/plani/images/contents/space_img08.png]
[www.plani.co.kr/plani/images/contents/space_img09.png]
[www.plani.co.kr/plani/images/contents/space_img10.png]
[www.plani.co.kr/plani/images/contents/space_img11.png]
[www.plani.co.kr/plani/images/contents/space_img12.png]
[www.plani.co.kr/plani/images/contents/space_img13.png]
[www.plani.co.kr/plani/images/contents/space_img14.png]
[www.plani.co.kr/plani/images/contents/space_img15.png]
[www.plani.co.kr/plani/images/contents/space_img16.png]
[www.plani.co.kr/plani/images/contents/space_img18.png]
[www.plani.co.kr/branding.html]
[www.plani.co.kr/plani/images/contents/space_img17.png]
[www.plani.co.kr/plani/react-app/dist/feedback1b21.js]
[www.plani.co.kr/feedback/css1b21.css]
[www.plani.co.kr/feedback.html]
[www.plani.co.kr/culture/css1b21.css]
[www.plani.co.kr/plani/video/video.mp4]
[www.plani.co.kr/plani/video/thumnail.png]
[www.plani.co.kr/plani/images/contents/welfare_life.jpg]
[www.plani.co.kr/plani/images/contents/welfare_refresh.jpg]
[www.plani.co.kr/plani/images/contents/welfare_education.jpg]
[www.plani.co.kr/culture.html]
[www.plani.co.kr/plani/images/contents/welfare_together.jpg]
[www.plani.co.kr/news/js1b21]
[www.plani.co.kr/_files/news_slide/20210917/11d6aa47c9a5d875ed25d2a4b43f9edc.jpg]
[www.plani.co.kr/_files/news_slide/20210916/d298ec4105b9d560d8aaed7f797f4517.jpg]
[www.plani.co.kr/_files/news_slide/20210907/e4ff4759d4879f0f9afefa2d1e9553b8.jpg]
[www.plani.co.kr/_files/news_slide/20210901/5d2704e825b67bfba372416816f7f3bc.jpg]
[www.plani.co.kr/_files/news_slide/20210822/3d3cef59512e889d9eff02dfe7f00802.jpg]
[www.plani.co.kr/plani/images/common/arrow_top_white.svg]
[www.plani.co.kr/plani/images/common/arrow_bottom_white.svg]
[www.plani.co.kr/_files/news_thumbs/222508810039.jpg]
[www.plani.co.kr/_files/news_thumbs/222506437171.jpg]
[www.plani.co.kr/_files/news_thumbs/222501462475.jpg]
[www.plani.co.kr/_files/news_thumbs/222497721077.jpg]
[www.plani.co.kr/_files/news_thumbs/222491544428.jpg]
[www.plani.co.kr/_files/news_thumbs/222480098947.jpg]
[www.plani.co.kr/_files/news_thumbs/222473310473.jpg]
[www.plani.co.kr/_files/news_thumbs/222465644619.jpg]
[www.plani.co.kr/_files/news_thumbs/222455586571.jpg]
[www.plani.co.kr/_files/news_thumbs/222447271663.jpg]
[www.plani.co.kr/_files/news_thumbs/222431002739.jpg]
[www.plani.co.kr/_files/news_thumbs/222425462138.jpg]
[www.plani.co.kr/_files/news_thumbs/222417403190.jpg]
[www.plani.co.kr/_files/news_thumbs/222408371446.jpg]
[www.plani.co.kr/_files/news_thumbs/222347957456.jpg]
[www.plani.co.kr/_files/news_thumbs/222339853383.png]
[www.plani.co.kr/news.html]
[www.plani.co.kr/mx/css1b21.css]
[www.plani.co.kr/experiences/index/category/310.html]
[www.plani.co.kr/mx.html]
[www.plani.co.kr/_res/plani/modulee09a.js]
[www.plani.co.kr/plani/js/commone09a.js]
[www.plani.co.kr/plani/js/contentse09a.js]
[www.plani.co.kr/e-bi/csse09a.css]
[www.plani.co.kr/plani/css/csse09a.css]
[www.plani.co.kr/experiences/index/category/311.html]
[www.plani.co.kr/e-bi.html]
[www.plani.co.kr/marketing/csse09a.css]
[www.plani.co.kr/experiences/index/category/312.html]
[www.plani.co.kr/marketing.html]
[www.plani.co.kr/dx/csse09a.css]
[www.plani.co.kr/experiences/index/category/313.html]
[www.plani.co.kr/dx.html]
[www.plani.co.kr/nerd/csse09a.css]
[www.plani.co.kr/nerd.html]
[www.plani.co.kr/_res/plani/module686c.js]
[www.plani.co.kr/plani/js/common686c.js]
[www.plani.co.kr/plani/js/contents686c.js]
[www.plani.co.kr/platform/css686c.css]
[www.plani.co.kr/platform.html]
[www.plani.co.kr/plani/css/css686c.css]
[www.plani.co.kr/branding/css686c.css]
[www.plani.co.kr/brandingbb6d.html]
[www.plani.co.kr/brandingf9a4.html]
[www.plani.co.kr/_res/plani/modulebdfc.js]
[www.plani.co.kr/plani/js/commonbdfc.js]
[www.plani.co.kr/plani/js/contentsbdfc.js]
[www.plani.co.kr/branding/cssbdfc.css]
[www.plani.co.kr/plani/css/cssbdfc.css]
[www.plani.co.kr/branding06e9.html]
[www.plani.co.kr/branding3dc9.html]
[www.plani.co.kr/branding280e.html]
[www.plani.co.kr/interview/jsbdfc]
[www.plani.co.kr/plani/images/contents/cover/cover_4.jpg]
[www.plani.co.kr/_files/interviewee_photo/20210723/202b10a163084f75da35a3dfbcf467da.png]
[www.plani.co.kr/interview/index/page/2.html]
[www.plani.co.kr/interview/index/page/4.html]
[www.plani.co.kr/interview.html]
[www.plani.co.kr/plani/images/common/arrow_left.svg]
[www.plani.co.kr/plani/images/common/arrow_right.svg]
[www.plani.co.kr/plani/images/contents/rotate_txt.svg]
[www.plani.co.kr/_res/fontawesome-free-5.1.0-web/webfonts/fa-brands-400.svg]
[www.plani.co.kr/_res/fontawesome-free-5.1.0-web/webfonts/fa-regular-400.svg]
[www.plani.co.kr/_res/fontawesome-free-5.1.0-web/svgs/fa-solid-900.html]
[www.plani.co.kr/_res/xeicon-2.3.3/fonts/xeicon75d5.svg]
[www.plani.co.kr/_res/font-awesome/fonts/fontawesome-webfonte0a5.svg]
[www.plani.co.kr/_res/xeicon-2.3.3/fonts/xeicon7067.svg]
[www.plani.co.kr/_res/themify/themify9f24.html]
[www.plani.co.kr/_res/themify/themify9f24.svg]
[www.plani.co.kr/plani/css/default.css]
[www.plani.co.kr/plani/fonts/Noto-Sans-KR/NotoSans-DemiLight.eot]
[www.plani.co.kr/plani/fonts/Noto-Sans-KR/NotoSans-DemiLightd41d.eot]
[www.plani.co.kr/plani/fonts/Noto-Sans-KR/NotoSans-DemiLight.woff2]
[www.plani.co.kr/plani/fonts/Noto-Sans-KR/NotoSans-DemiLight.woff]
[www.plani.co.kr/plani/fonts/Noto-Sans-KR/NotoSans-Light.eot]
[www.plani.co.kr/plani/fonts/Noto-Sans-KR/NotoSans-Lightd41d.eot]
[www.plani.co.kr/plani/fonts/Noto-Sans-KR/NotoSans-Light.woff2]
[www.plani.co.kr/plani/fonts/Noto-Sans-KR/NotoSans-Light.woff]
[www.plani.co.kr/plani/fonts/Noto-Sans-KR/NotoSans-Regular.eot]
[www.plani.co.kr/plani/fonts/Noto-Sans-KR/NotoSans-Regulard41d.eot]
[www.plani.co.kr/plani/fonts/Noto-Sans-KR/NotoSans-Regular.woff2]
[www.plani.co.kr/plani/fonts/Noto-Sans-KR/NotoSans-Regular.woff]
[www.plani.co.kr/plani/fonts/Noto-Sans-KR/NotoSans-Medium.eot]
[www.plani.co.kr/plani/fonts/Noto-Sans-KR/NotoSans-Medium.woff2]
[www.plani.co.kr/plani/fonts/Noto-Sans-KR/NotoSans-Mediumd41d.eot]
[www.plani.co.kr/plani/fonts/Noto-Sans-KR/NotoSans-Medium.woff]
[www.plani.co.kr/plani/fonts/Noto-Sans-KR/NotoSans-Bold.eot]
[www.plani.co.kr/plani/fonts/Noto-Sans-KR/NotoSans-Boldd41d.eot]
[www.plani.co.kr/plani/fonts/Noto-Sans-KR/NotoSans-Bold.woff2]
[www.plani.co.kr/plani/fonts/Noto-Sans-KR/NotoSans-Bold.woff]
[www.plani.co.kr/plani/fonts/karla/karla-v15-latin-300.eot]
[www.plani.co.kr/plani/fonts/karla/karla-v15-latin-300d41d.eot]
[www.plani.co.kr/plani/fonts/karla/karla-v15-latin-300.woff2]
[www.plani.co.kr/plani/fonts/karla/karla-v15-latin-300.woff]
[www.plani.co.kr/plani/fonts/karla/karla-v15-latin-300.ttf]
[www.plani.co.kr/plani/fonts/karla/karla-v15-latin-300.svg]
[www.plani.co.kr/plani/fonts/karla/karla-v15-latin-regular.eot]
[www.plani.co.kr/plani/fonts/karla/karla-v15-latin-regulard41d.eot]
[www.plani.co.kr/plani/fonts/karla/karla-v15-latin-regular.woff2]
[www.plani.co.kr/plani/fonts/karla/karla-v15-latin-regular.woff]
[www.plani.co.kr/plani/fonts/karla/karla-v15-latin-regular.ttf]
[www.plani.co.kr/plani/fonts/karla/karla-v15-latin-regular.svg]
[www.plani.co.kr/plani/fonts/karla/karla-v15-latin-500.eot]
[www.plani.co.kr/plani/fonts/karla/karla-v15-latin-500d41d.eot]
[www.plani.co.kr/plani/fonts/karla/karla-v15-latin-500.woff2]
[www.plani.co.kr/plani/fonts/karla/karla-v15-latin-500.woff]
[www.plani.co.kr/plani/fonts/karla/karla-v15-latin-500.ttf]
[www.plani.co.kr/plani/fonts/karla/karla-v15-latin-500.svg]
[www.plani.co.kr/plani/fonts/karla/karla-v15-latin-600.eot]
[www.plani.co.kr/plani/fonts/karla/karla-v15-latin-600d41d.eot]
[www.plani.co.kr/plani/fonts/karla/karla-v15-latin-600.woff2]
[www.plani.co.kr/plani/fonts/karla/karla-v15-latin-600.woff]
[www.plani.co.kr/plani/fonts/karla/karla-v15-latin-600.ttf]
[www.plani.co.kr/plani/fonts/karla/karla-v15-latin-600.svg]
[www.plani.co.kr/plani/fonts/karla/karla-v15-latin-700.eot]
[www.plani.co.kr/plani/fonts/karla/karla-v15-latin-700d41d.eot]
[www.plani.co.kr/plani/fonts/karla/karla-v15-latin-700.woff2]
[www.plani.co.kr/plani/fonts/karla/karla-v15-latin-700.woff]
[www.plani.co.kr/plani/fonts/karla/karla-v15-latin-700.ttf]
[www.plani.co.kr/plani/fonts/karla/karla-v15-latin-700.svg]
[www.plani.co.kr/plani/fonts/karla/karla-v15-latin-800.eot]
[www.plani.co.kr/plani/fonts/karla/karla-v15-latin-800d41d.eot]
[www.plani.co.kr/plani/fonts/karla/karla-v15-latin-800.woff2]
[www.plani.co.kr/plani/fonts/karla/karla-v15-latin-800.woff]
[www.plani.co.kr/plani/fonts/karla/karla-v15-latin-800.ttf]
[www.plani.co.kr/plani/fonts/karla/karla-v15-latin-800.svg]
[www.plani.co.kr/plani/fonts/Quentin/woff/Quentin.woff]
[www.plani.co.kr/plani/fonts/Roboto/woff/Roboto-Light.woff]
[www.plani.co.kr/plani/fonts/Roboto/woff/Roboto-Regular.woff]
[www.plani.co.kr/plani/fonts/Roboto/woff/Roboto-Medium.woff]
[www.plani.co.kr/plani/css/font.css]
[www.plani.co.kr/plani/fonts/Roboto/woff/Roboto-Bold.woff]
[www.plani.co.kr/images/hit/common/select_arr.png]
[www.plani.co.kr/plani/images/common/important.png]
[www.plani.co.kr/plani/images/common/mCont_scroll_ico.png]
[www.plani.co.kr/plani/css/common.css]
[www.plani.co.kr/plani/images/common/mCont_scroll_ico_arr.png]
[www.plani.co.kr/plani/images/layout/logo.svg]
[www.plani.co.kr/plani/images/common/link_2.svg]
[www.plani.co.kr/plani/css/layout.css]
[www.plani.co.kr/plani/images/common/j_ui/ui-icons_444444_256x240.png]
[www.plani.co.kr/plani/css/jquery-ui.min.css]
[www.plani.co.kr/plani/images/common/has_link.svg]
[www.plani.co.kr/plani/images/common/link.svg]
[www.plani.co.kr/plani/images/common/arrow_left_before.svg]
[www.plani.co.kr/plani/images/common/arrow_right_before.svg]
[www.plani.co.kr/plani/images/common/arrow_left_after.svg]
[www.plani.co.kr/plani/images/common/arrow_right_after.svg]
[www.plani.co.kr/plani/images/common/arrow_bottom.svg]
[www.plani.co.kr/plani/images/contents/bm_arrow.png]
[www.plani.co.kr/plani/images/contents/bm_arrow_hover.png]
[www.plani.co.kr/plani/images/contents/branding01.png]
[www.plani.co.kr/plani/images/contents/branding02.png]
[www.plani.co.kr/plani/images/contents/branding03.png]
[www.plani.co.kr/plani/images/contents/branding04.png]
[www.plani.co.kr/plani/images/contents/branding05.png]
[www.plani.co.kr/plani/images/contents/arrow.png]
[www.plani.co.kr/plani/images/contents/story_before.png]
[www.plani.co.kr/plani/images/contents/branding_visual_box_img01.png]
[www.plani.co.kr/plani/images/contents/branding_visual_box_img02.png]
[www.plani.co.kr/plani/images/contents/mission_visual_box_img02.png]
[www.plani.co.kr/plani/images/contents/mission_visual_box_img01.png]
[www.plani.co.kr/plani/images/contents/mission_kind_img01.png]
[www.plani.co.kr/plani/images/contents/vision_bg.png]
[www.plani.co.kr/plani/images/contents/circle02.png]
[www.plani.co.kr/plani/images/contents/circle03.png]
[www.plani.co.kr/plani/images/contents/circle01.png]
[www.plani.co.kr/plani/images/contents/circle01_mo.png]
[www.plani.co.kr/plani/images/contents/circle02_mo.png]
[www.plani.co.kr/plani/images/contents/circle03_mo.png]
[www.plani.co.kr/plani/images/contents/space_bg.png]
[www.plani.co.kr/plani/images/contents/feedback_icon1.svg]
[www.plani.co.kr/plani/images/contents/feedback_icon2.svg]
[www.plani.co.kr/plani/images/contents/feedback_icon3.svg]
[www.plani.co.kr/plani/images/contents/feedback_icon4.svg]
[www.plani.co.kr/plani/images/contents/feedback_icon1_hover.svg]
[www.plani.co.kr/plani/images/contents/feedback_icon2_hover.svg]
[www.plani.co.kr/plani/images/contents/feedback_icon3_hover.svg]
[www.plani.co.kr/plani/images/contents/feedback_icon4_hover.svg]
[www.plani.co.kr/plani/images/layout/logo_white.svg]
[www.plani.co.kr/plani/images/contents/worth_bg.jpg]
[www.plani.co.kr/plani/css/content.css]
[www.plani.co.kr/plani/css/board.css]
[www.plani.co.kr/plani/images/contents/cover_sample.jpg]
[www.plani.co.kr/plani/css/mCSB_buttons.149.delayed]
[www.plani.co.kr/plani/css/jquery.mCustomScrollbar.min.css]
[www.plani.co.kr/plani/fonts/xeicon/xeicon75d5.eot]
[www.plani.co.kr/plani/fonts/xeicon/xeicon75d5.woff2]
[www.plani.co.kr/plani/fonts/xeicon/xeicon75d5.ttf]
[www.plani.co.kr/plani/fonts/xeicon/xeicon75d5.woff]
[www.plani.co.kr/plani/css/xeicon.min.css]
[www.plani.co.kr/plani/css/slick.css]
[www.plani.co.kr/plani/css/respond/layout.css]
[www.plani.co.kr/plani/css/respond/contents.css]
[www.plani.co.kr/plani/css/cssbcdf.css]
[www.plani.co.kr/plani/css/mainbcdf.css]
[www.plani.co.kr/plani/images/main/btn_up.svg]
[www.plani.co.kr/plani/images/main/btn_up_hover.svg]
[www.plani.co.kr/plani/images/main/btn_down.svg]
[www.plani.co.kr/plani/images/main/btn_down_hover.svg]
[www.plani.co.kr/businesses/cssbcdf.css]
[www.plani.co.kr/branding/css1b21.css]
[www.plani.co.kr/plani/css/css1b21.css]
[www.plani.co.kr/feedback/css1b21.css]
[www.plani.co.kr/culture/css1b21.css]
[www.plani.co.kr/plani/images/common/arrow_top_white.svg]
[www.plani.co.kr/plani/images/common/arrow_bottom_white.svg]
[www.plani.co.kr/mx/css1b21.css]
[www.plani.co.kr/plani/fonts/xeicon/xeicon75d5.svg]
[www.plani.co.kr/experiences/js8a51]
[www.plani.co.kr/_res/plani/module8a51.js]
[www.plani.co.kr/plani/js/common8a51.js]
[www.plani.co.kr/plani/js/contents8a51.js]
[www.plani.co.kr/plani/css/css8a51.css]
[www.plani.co.kr/experiences/index/category/310.html]
[www.plani.co.kr/e-bi/csse09a.css]
[www.plani.co.kr/plani/css/csse09a.css]
[www.plani.co.kr/experiences/js7d22]
[www.plani.co.kr/_res/plani/module7d22.js]
[www.plani.co.kr/plani/js/common7d22.js]
[www.plani.co.kr/plani/js/contents7d22.js]
[www.plani.co.kr/plani/css/css7d22.css]
[www.plani.co.kr/experiences/index/category/311.html]
[www.plani.co.kr/marketing/csse09a.css]
[www.plani.co.kr/experiences/index/category/312.html]
[www.plani.co.kr/dx/csse09a.css]
[www.plani.co.kr/experiences/js10ec]
[www.plani.co.kr/_res/plani/module10ec.js]
[www.plani.co.kr/plani/js/common10ec.js]
[www.plani.co.kr/plani/js/contents10ec.js]
[www.plani.co.kr/plani/css/css10ec.css]
[www.plani.co.kr/experiences/index/category/313.html]
[www.plani.co.kr/nerd/csse09a.css]
[www.plani.co.kr/platform/css686c.css]
[www.plani.co.kr/plani/css/css686c.css]
[www.plani.co.kr/branding/css686c.css]
[www.plani.co.kr/branding/cssbdfc.css]
[www.plani.co.kr/plani/css/cssbdfc.css]
[www.plani.co.kr/interview/js893a]
[www.plani.co.kr/_res/plani/module893a.js]
[www.plani.co.kr/plani/js/common893a.js]
[www.plani.co.kr/plani/js/contents893a.js]
[www.plani.co.kr/plani/css/css893a.css]
[www.plani.co.kr/plani/images/contents/cover/cover_3.jpg]
[www.plani.co.kr/_files/interviewee_photo/20210723/9222cf8eb754dfd05f5ce53276a6a649.png]
[www.plani.co.kr/interview/index/page/1.html]
[www.plani.co.kr/interview/index/page/3.html]
[www.plani.co.kr/interview/index/page/2.html]
[www.plani.co.kr/plani/images/contents/cover/cover_5.jpg]
[www.plani.co.kr/_files/interviewee_photo/20210723/fc3f4b4b2a850fb766fdc716cb865210.png]
[www.plani.co.kr/interview/index/page/5.html]
[www.plani.co.kr/interview/index/page/4.html]
[www.plani.co.kr/plani/fonts/karla/karla-v15-latin-300.svg]
[www.plani.co.kr/plani/fonts/karla/karla-v15-latin-regular.svg]
[www.plani.co.kr/plani/fonts/karla/karla-v15-latin-500.svg]
[www.plani.co.kr/plani/fonts/karla/karla-v15-latin-600.svg]
[www.plani.co.kr/plani/fonts/karla/karla-v15-latin-700.svg]
[www.plani.co.kr/plani/fonts/karla/karla-v15-latin-800.svg]
[www.plani.co.kr/images/hit/common/select_arr.html]
[www.plani.co.kr/plani/images/layout/logo.svg]
[www.plani.co.kr/plani/images/common/link_2.svg]
[www.plani.co.kr/plani/images/common/has_link.svg]
[www.plani.co.kr/plani/images/common/link.svg]
[www.plani.co.kr/plani/images/common/arrow_left_before.svg]
[www.plani.co.kr/plani/images/common/arrow_right_before.svg]
[www.plani.co.kr/plani/images/common/arrow_left_after.svg]
[www.plani.co.kr/plani/images/common/arrow_right_after.svg]
[www.plani.co.kr/plani/images/common/arrow_bottom.svg]
[www.plani.co.kr/plani/images/contents/feedback_icon1.svg]
[www.plani.co.kr/plani/images/contents/feedback_icon2.svg]
[www.plani.co.kr/plani/images/contents/feedback_icon3.svg]
[www.plani.co.kr/plani/images/contents/feedback_icon4.svg]
[www.plani.co.kr/plani/images/contents/feedback_icon1_hover.svg]
[www.plani.co.kr/plani/images/contents/feedback_icon2_hover.svg]
[www.plani.co.kr/plani/images/contents/feedback_icon3_hover.svg]
[www.plani.co.kr/plani/images/contents/feedback_icon4_hover.svg]
[www.plani.co.kr/plani/images/layout/logo_white.svg]
[www.plani.co.kr/plani/css/mCSB_buttons.html]
[www.plani.co.kr/plani/fonts/xeicon/xeicon75d5.svg]
[www.plani.co.kr/plani/css/css8a51.css]
[www.plani.co.kr/plani/css/css7d22.css]
[www.plani.co.kr/plani/css/css10ec.css]
[www.plani.co.kr/plani/css/css893a.css]
[www.plani.co.kr/interview/js8e1c]
[www.plani.co.kr/_res/plani/module8e1c.js]
[www.plani.co.kr/plani/js/common8e1c.js]
[www.plani.co.kr/plani/js/contents8e1c.js]
[www.plani.co.kr/plani/css/css8e1c.css]
[www.plani.co.kr/plani/images/contents/cover/cover_2.jpg]
[www.plani.co.kr/_files/interviewee_photo/20210723/3f367337d0c45c5f36cf79d621a8b783.png]
[www.plani.co.kr/interview/index/page/9.html]
[www.plani.co.kr/interview/index/page/1.html]
[www.plani.co.kr/interview/index/page/3.html]
[www.plani.co.kr/interview/jsfa1f]
[www.plani.co.kr/_res/plani/modulefa1f.js]
[www.plani.co.kr/plani/js/commonfa1f.js]
[www.plani.co.kr/plani/js/contentsfa1f.js]
[www.plani.co.kr/plani/css/cssfa1f.css]
[www.plani.co.kr/_files/interviewee_photo/20210723/0d64d1e227cfcdf990dc1463dcef2d7e.png]
[www.plani.co.kr/interview/index/page/6.html]
[www.plani.co.kr/interview/index/page/5.html]
[www.plani.co.kr/plani/css/css8e1c.css]
[www.plani.co.kr/interview/jsacd5]
[www.plani.co.kr/_res/plani/moduleacd5.js]
[www.plani.co.kr/plani/js/commonacd5.js]
[www.plani.co.kr/plani/js/contentsacd5.js]
[www.plani.co.kr/plani/css/cssacd5.css]
[www.plani.co.kr/plani/images/contents/cover/cover_1.jpg]
[www.plani.co.kr/_files/interviewee_photo/20210723/69a6f70ec34a090977d0ee90bd6ee6b6.png]
[www.plani.co.kr/interview/index/page/8.html]
[www.plani.co.kr/interview/index/page/9.html]
[www.plani.co.kr/plani/css/cssfa1f.css]
[www.plani.co.kr/interview/js599c]
[www.plani.co.kr/_res/plani/module599c.js]
[www.plani.co.kr/plani/js/common599c.js]
[www.plani.co.kr/plani/js/contents599c.js]
[www.plani.co.kr/plani/css/css599c.css]
[www.plani.co.kr/plani/images/contents/cover/cover_0.jpg]
[www.plani.co.kr/_files/interviewee_photo/20210723/2abbfc8a49864584bc6e275857f1793c.png]
[www.plani.co.kr/interview/index/page/7.html]
[www.plani.co.kr/interview/index/page/6.html]
[www.plani.co.kr/plani/css/cssacd5.css]
[www.plani.co.kr/interview/jsf043]
[www.plani.co.kr/_res/plani/modulef043.js]
[www.plani.co.kr/plani/js/commonf043.js]
[www.plani.co.kr/plani/js/contentsf043.js]
[www.plani.co.kr/plani/css/cssf043.css]
[www.plani.co.kr/interview/index/page/8.html]
[www.plani.co.kr/plani/css/css599c.css]
[www.plani.co.kr/_files/interviewee_photo/20210723/56bf33e8209aa9f4969a9cd0b6ef97ef.png]
[www.plani.co.kr/interview/js4b9d]
[www.plani.co.kr/_res/plani/module4b9d.js]
[www.plani.co.kr/plani/js/common4b9d.js]
[www.plani.co.kr/plani/js/contents4b9d.js]
[www.plani.co.kr/plani/css/css4b9d.css]
[www.plani.co.kr/plani/images/contents/cover/cover_7.jpg]
[www.plani.co.kr/interview/index/page/7.html]
[www.plani.co.kr/plani/css/cssf043.css]
[www.plani.co.kr/plani/css/css4b9d.css]
[www.plani.co.kr/_files/interviewee_photo/20210723/3b7b3a0702bd38da98ac5cbfa3ad390a.png]
